[themedox.com/demo/xolio/index.html]
[backblue.gif]
[fade.gif]
[index.html]
[themedox.com/demo/xolio/assets/img/favicon.png]
[themedox.com/demo/xolio/assets/css/bootstrap.min.css]
[themedox.com/demo/xolio/assets/css/animate.min.css]
[themedox.com/demo/xolio/assets/css/magnific-popup.css]
[themedox.com/demo/xolio/assets/css/fontawesome-all.min.css]
[themedox.com/demo/xolio/assets/css/swiper-bundle.min.css]
[themedox.com/demo/xolio/assets/css/odometer.css]
[themedox.com/demo/xolio/assets/css/slick.css]
[themedox.com/demo/xolio/assets/css/default.css]
[themedox.com/demo/xolio/assets/css/style.css]
[themedox.com/demo/xolio/assets/css/responsive.css]
[themedox.com/demo/xolio/assets/img/preloader.png]
[themedox.com/demo/xolio/index-2.html]
[themedox.com/demo/xolio/assets/img/logo/logo.png]
[themedox.com/demo/xolio/index-3.html]
[themedox.com/demo/xolio/index-4.html]
[themedox.com/demo/xolio/about-us.html]
[themedox.com/demo/xolio/about-me.html]
[themedox.com/demo/xolio/team.html]
[themedox.com/demo/xolio/team-details.html]
[themedox.com/demo/xolio/project-details.html]
[themedox.com/demo/xolio/services-details.html]
[themedox.com/demo/xolio/contact.html]
[themedox.com/demo/xolio/blog.html]
[themedox.com/demo/xolio/blog-details.html]
[themedox.com/demo/xolio/assets/img/images/our_project_img.png]
[themedox.com/demo/xolio/assets/img/images/support_img.png]
[themedox.com/demo/xolio/assets/img/banner/banner_img.png]
[themedox.com/demo/xolio/assets/img/banner/banner_shape01.png]
[themedox.com/demo/xolio/assets/img/banner/banner_shape02.png]
[themedox.com/demo/xolio/assets/img/banner/banner_shape03.png]
[themedox.com/demo/xolio/assets/img/banner/banner_shape04.png]
[themedox.com/demo/xolio/assets/img/banner/banner_shape05.png]
[themedox.com/demo/xolio/assets/img/banner/banner_shape06.png]
[themedox.com/demo/xolio/assets/img/banner/banner_shape07.png]
[themedox.com/demo/xolio/assets/img/icon/services_icon01.png]
[themedox.com/demo/xolio/assets/img/icon/services_icon02.png]
[themedox.com/demo/xolio/assets/img/icon/services_icon03.png]
[themedox.com/demo/xolio/assets/img/icon/services_icon04.png]
[themedox.com/demo/xolio/assets/img/images/about_img.jpg]
[themedox.com/demo/xolio/assets/img/icon/about_icon01.png]
[themedox.com/demo/xolio/assets/img/icon/about_icon02.png]
[themedox.com/demo/xolio/assets/img/team/team_img_shape.png]
[themedox.com/demo/xolio/assets/img/team/team_img01.png]
[themedox.com/demo/xolio/assets/img/team/team_img02.png]
[themedox.com/demo/xolio/assets/img/team/team_img03.png]
[themedox.com/demo/xolio/assets/img/team/team_img04.png]
[themedox.com/demo/xolio/assets/img/team/team_img05.png]
[themedox.com/demo/xolio/assets/img/images/team_shape01.png]
[themedox.com/demo/xolio/assets/img/images/team_shape02.png]
[themedox.com/demo/xolio/assets/img/project/project_img01.jpg]
[themedox.com/demo/xolio/assets/img/project/project_img02.jpg]
[themedox.com/demo/xolio/assets/img/project/project_img03.jpg]
[themedox.com/demo/xolio/assets/img/project/project_shape01.png]
[themedox.com/demo/xolio/assets/img/project/project_shape02.png]
[themedox.com/demo/xolio/assets/img/images/testimonial_avatar01.png]
[themedox.com/demo/xolio/assets/img/images/testimonial_avatar02.png]
[themedox.com/demo/xolio/assets/img/images/testimonial_avatar03.png]
[themedox.com/demo/xolio/assets/img/images/testimonial_avatar04.png]
[themedox.com/demo/xolio/assets/img/icon/consultation_icon01.png]
[themedox.com/demo/xolio/assets/img/icon/consultation_icon02.png]
[themedox.com/demo/xolio/assets/img/icon/consultation_icon03.png]
[themedox.com/demo/xolio/assets/img/images/consultation_shape01.png]
[themedox.com/demo/xolio/assets/img/images/consultation_shape02.png]
[themedox.com/demo/xolio/assets/img/blog/blog_img01.jpg]
[themedox.com/demo/xolio/assets/img/blog/blog_avatar01.png]
[themedox.com/demo/xolio/assets/img/blog/blog_img02.jpg]
[themedox.com/demo/xolio/assets/img/blog/blog_avatar02.png]
[themedox.com/demo/xolio/assets/img/blog/blog_img03.jpg]
[themedox.com/demo/xolio/assets/img/blog/blog_avatar03.png]
[themedox.com/demo/xolio/assets/img/images/newsletter_bg_shape.png]
[themedox.com/demo/xolio/assets/img/images/newsletter_shape01.png]
[themedox.com/demo/xolio/assets/img/images/newsletter_shape02.png]
[themedox.com/demo/xolio/assets/img/images/newsletter_shape03.png]
[themedox.com/demo/xolio/assets/img/images/newsletter_shape04.png]
[themedox.com/demo/xolio/assets/img/images/newsletter_shape05.png]
[themedox.com/demo/xolio/assets/img/images/newsletter_shape06.png]
[themedox.com/demo/xolio/assets/img/logo/w_logo.png]
[themedox.com/demo/xolio/assets/img/icon/phone_icon.svg]
[themedox.com/demo/xolio/assets/img/icon/mail_icon.svg]
[themedox.com/demo/xolio/assets/img/icon/loction_icon.svg]
[themedox.com/demo/xolio/assets/img/images/cart_img.png]
[themedox.com/demo/xolio/assets/js/vendor/jquery-3.6.0.min.js]
[themedox.com/demo/xolio/assets/js/bootstrap.min.js]
[themedox.com/demo/xolio/assets/js/isotope.pkgd.min.js]
[themedox.com/demo/xolio/assets/js/imagesloaded.pkgd.min.js]
[themedox.com/demo/xolio/assets/js/jquery.magnific-popup.min.js]
[themedox.com/demo/xolio/assets/js/jquery.odometer.min.js]
[themedox.com/demo/xolio/assets/js/swiper-bundle.min.js]
[themedox.com/demo/xolio/assets/js/jquery.appear.js]
[themedox.com/demo/xolio/assets/js/slick.min.js]
[themedox.com/demo/xolio/assets/js/ajax-form.js]
[themedox.com/demo/xolio/assets/js/parallax.min.js]
[themedox.com/demo/xolio/assets/js/jquery.parallaxScroll.min.js]
[themedox.com/demo/xolio/assets/js/tween-max.js]
[themedox.com/demo/xolio/assets/js/wow.min.js]
[themedox.com/demo/xolio/index.html]
[themedox.com/demo/xolio/assets/js/main.js]
[themedox.com/demo/xolio/assets/css/bootstrap.min.css]
[themedox.com/demo/xolio/assets/css/animate.min.css]
[themedox.com/demo/xolio/assets/css/magnific-popup.css]
[themedox.com/demo/xolio/assets/fonts/fa-brands-400.eot]
[themedox.com/demo/xolio/assets/fonts/fa-brands-400d41d.eot]
[themedox.com/demo/xolio/assets/fonts/fa-brands-400.woff2]
[themedox.com/demo/xolio/assets/fonts/fa-brands-400.woff]
[themedox.com/demo/xolio/assets/fonts/fa-brands-400.ttf]
[themedox.com/demo/xolio/assets/fonts/fa-brands-400.svg]
[themedox.com/demo/xolio/assets/fonts/fa-light-300.eot]
[themedox.com/demo/xolio/assets/fonts/fa-light-300d41d.eot]
[themedox.com/demo/xolio/assets/fonts/fa-light-300.woff2]
[themedox.com/demo/xolio/assets/fonts/fa-light-300.woff]
[themedox.com/demo/xolio/assets/fonts/fa-light-300.ttf]
[themedox.com/demo/xolio/assets/fonts/fa-regular-400.eot]
[themedox.com/demo/xolio/assets/fonts/fa-light-300.svg]
[themedox.com/demo/xolio/assets/fonts/fa-regular-400.woff2]
[themedox.com/demo/xolio/assets/fonts/fa-regular-400.woff]
[themedox.com/demo/xolio/assets/fonts/fa-regular-400d41d.eot]
[themedox.com/demo/xolio/assets/fonts/fa-regular-400.ttf]
[themedox.com/demo/xolio/assets/fonts/fa-solid-900.eot]
[themedox.com/demo/xolio/assets/fonts/fa-solid-900d41d.eot]
[themedox.com/demo/xolio/assets/fonts/fa-solid-900.woff2]
[themedox.com/demo/xolio/assets/fonts/fa-regular-400.svg]
[themedox.com/demo/xolio/assets/fonts/fa-solid-900.woff]
[themedox.com/demo/xolio/assets/fonts/fa-solid-900.ttf]
[themedox.com/demo/xolio/assets/css/fontawesome-all.min.css]
[themedox.com/demo/xolio/assets/css/swiper-bundle.min.css]
[themedox.com/demo/xolio/assets/css/odometer.css]
[themedox.com/demo/xolio/assets/css/slick.css]
[themedox.com/demo/xolio/assets/css/default.css]
[themedox.com/demo/xolio/assets/img/banner/banner_bg.jpg]
[themedox.com/demo/xolio/assets/fonts/fa-solid-900.svg]
[themedox.com/demo/xolio/assets/img/images/line-shape.png]
[themedox.com/demo/xolio/assets/img/icon/select_down_arrow.png]
[themedox.com/demo/xolio/assets/css/style.css]
[themedox.com/demo/xolio/assets/css/responsive.css]
[themedox.com/demo/xolio/index-2.html]
[themedox.com/demo/xolio/assets/img/banner/h2_banner_img.png]
[themedox.com/demo/xolio/assets/img/icon/banner_icon01.svg]
[themedox.com/demo/xolio/assets/img/icon/banner_icon02.svg]
[themedox.com/demo/xolio/assets/img/icon/banner_icon03.svg]
[themedox.com/demo/xolio/assets/img/icon/banner_icon04.svg]
[themedox.com/demo/xolio/assets/img/banner/h2_banner_shape01.png]
[themedox.com/demo/xolio/assets/img/banner/h2_banner_shape02.png]
[themedox.com/demo/xolio/assets/img/banner/h2_banner_shape03.png]
[themedox.com/demo/xolio/assets/img/banner/h2_banner_shape04.png]
[themedox.com/demo/xolio/assets/img/brand/brand_img01.png]
[themedox.com/demo/xolio/assets/img/brand/brand_img02.png]
[themedox.com/demo/xolio/assets/img/brand/brand_img03.png]
[themedox.com/demo/xolio/assets/img/brand/brand_img04.png]
[themedox.com/demo/xolio/assets/img/brand/brand_img05.png]
[themedox.com/demo/xolio/assets/img/brand/brand_img06.png]
[themedox.com/demo/xolio/assets/img/images/h2_about_img.png]
[themedox.com/demo/xolio/assets/img/icon/right_arrow.svg]
[themedox.com/demo/xolio/assets/img/images/h2_about_shape01.png]
[themedox.com/demo/xolio/assets/img/images/h2_about_shape02.png]
[themedox.com/demo/xolio/assets/img/images/h2_about_shape03.png]
[themedox.com/demo/xolio/assets/img/project/h2_project_img01.jpg]
[themedox.com/demo/xolio/assets/img/project/h2_project_img02.jpg]
[themedox.com/demo/xolio/assets/img/project/h2_project_img03.jpg]
[themedox.com/demo/xolio/assets/img/project/h2_project_img05.jpg]
[themedox.com/demo/xolio/assets/img/project/h2_project_img04.jpg]
[themedox.com/demo/xolio/assets/img/project/h2_project_img06.jpg]
[themedox.com/demo/xolio/assets/img/project/h2_project_shape.png]
[themedox.com/demo/xolio/assets/img/icon/pricing_icon01.png]
[themedox.com/demo/xolio/assets/img/icon/pricing_icon02.png]
[themedox.com/demo/xolio/assets/img/icon/pricing_icon03.png]
[themedox.com/demo/xolio/assets/img/images/work_img.png]
[themedox.com/demo/xolio/assets/img/icon/about_icon03.png]
[themedox.com/demo/xolio/assets/img/images/work_shape01.png]
[themedox.com/demo/xolio/assets/img/images/work_shape02.png]
[themedox.com/demo/xolio/assets/img/images/work_shape03.png]
[themedox.com/demo/xolio/assets/img/images/work_shape04.png]
[themedox.com/demo/xolio/assets/img/images/work_shape05.png]
[themedox.com/demo/xolio/assets/img/blog/h2_blog_img01.jpg]
[themedox.com/demo/xolio/assets/img/blog/h2_blog_img02.jpg]
[themedox.com/demo/xolio/assets/img/blog/h2_blog_img03.jpg]
[themedox.com/demo/xolio/assets/img/icon/loction_icon02.png]
[themedox.com/demo/xolio/assets/img/icon/mail_icon02.png]
[themedox.com/demo/xolio/assets/img/icon/phone_icon02.png]
[themedox.com/demo/xolio/assets/img/icon/footer_icon01.png]
[themedox.com/demo/xolio/assets/img/icon/footer_icon02.png]
[themedox.com/demo/xolio/assets/img/icon/footer_icon03.png]
[themedox.com/demo/xolio/assets/img/icon/footer_icon04.png]
[themedox.com/demo/xolio/index-3.html]
[themedox.com/demo/xolio/assets/img/slider/slider_img01.png]
[themedox.com/demo/xolio/assets/img/slider/slider_shape01.png]
[themedox.com/demo/xolio/assets/img/slider/slider_shape02.png]
[themedox.com/demo/xolio/assets/img/slider/slider_shape03.png]
[themedox.com/demo/xolio/assets/img/slider/slider_shape04.png]
[themedox.com/demo/xolio/assets/img/slider/slider_shape05.png]
[themedox.com/demo/xolio/assets/img/slider/slider_shape06.png]
[themedox.com/demo/xolio/assets/img/icon/h3_services_icon01.png]
[themedox.com/demo/xolio/assets/img/icon/h3_services_icon02.png]
[themedox.com/demo/xolio/assets/img/icon/h3_services_icon03.png]
[themedox.com/demo/xolio/assets/img/images/h3_services_shape.png]
[themedox.com/demo/xolio/assets/img/brand/h3_brand_img01.png]
[themedox.com/demo/xolio/assets/img/brand/h3_brand_img02.png]
[themedox.com/demo/xolio/assets/img/brand/h3_brand_img03.png]
[themedox.com/demo/xolio/assets/img/brand/h3_brand_img04.png]
[themedox.com/demo/xolio/assets/img/brand/h3_brand_img05.png]
[themedox.com/demo/xolio/assets/img/brand/h3_brand_img06.png]
[themedox.com/demo/xolio/assets/img/images/agency_img.png]
[themedox.com/demo/xolio/assets/img/images/agency_shape01.png]
[themedox.com/demo/xolio/assets/img/images/agency_shape02.png]
[themedox.com/demo/xolio/assets/img/images/agency_shape03.png]
[themedox.com/demo/xolio/assets/img/images/agency_shape04.png]
[themedox.com/demo/xolio/assets/img/icon/counter_icon01.png]
[themedox.com/demo/xolio/assets/img/icon/counter_icon02.png]
[themedox.com/demo/xolio/assets/img/icon/counter_icon03.png]
[themedox.com/demo/xolio/assets/img/icon/counter_icon04.png]
[themedox.com/demo/xolio/assets/img/project/h3_project_img01.jpg]
[themedox.com/demo/xolio/assets/img/project/h3_project_img02.jpg]
[themedox.com/demo/xolio/assets/img/project/h3_project_img03.jpg]
[themedox.com/demo/xolio/assets/img/project/h3_project_img04.jpg]
[themedox.com/demo/xolio/assets/img/images/h3_project_shape.png]
[themedox.com/demo/xolio/assets/img/images/testimonial_shape01.png]
[themedox.com/demo/xolio/assets/img/images/testimonial_shape02.png]
[themedox.com/demo/xolio/assets/img/images/testimonial_shape03.png]
[themedox.com/demo/xolio/assets/img/images/testimonial_shape04.png]
[themedox.com/demo/xolio/assets/img/images/h3_newsletter_shape01.png]
[themedox.com/demo/xolio/assets/img/images/h3_newsletter_shape02.png]
[themedox.com/demo/xolio/assets/img/images/h3_newsletter_shape03.png]
[themedox.com/demo/xolio/assets/img/images/h3_newsletter_shape04.png]
[themedox.com/demo/xolio/index-4.html]
[themedox.com/demo/xolio/assets/img/images/breadcrumb_shape01.png]
[themedox.com/demo/xolio/assets/img/images/breadcrumb_shape02.png]
[themedox.com/demo/xolio/assets/img/icon/inner_counter_icon01.png]
[themedox.com/demo/xolio/assets/img/icon/inner_counter_icon02.png]
[themedox.com/demo/xolio/assets/img/icon/inner_counter_icon03.png]
[themedox.com/demo/xolio/assets/img/icon/inner_counter_icon04.png]
[themedox.com/demo/xolio/assets/img/images/sine.png]
[themedox.com/demo/xolio/assets/img/team/inner_team01.jpg]
[themedox.com/demo/xolio/assets/img/team/inner_team02.jpg]
[themedox.com/demo/xolio/assets/img/team/inner_team03.jpg]
[themedox.com/demo/xolio/assets/img/team/inner_team04.jpg]
[themedox.com/demo/xolio/assets/img/team/inner_team05.jpg]
[themedox.com/demo/xolio/assets/img/icon/inner_services_icon01.png]
[themedox.com/demo/xolio/assets/img/icon/inner_services_icon02.png]
[themedox.com/demo/xolio/assets/img/icon/inner_services_icon03.png]
[themedox.com/demo/xolio/assets/img/icon/inner_services_icon04.png]
[themedox.com/demo/xolio/assets/img/icon/inner_services_icon05.png]
[themedox.com/demo/xolio/assets/img/icon/inner_services_icon06.png]
[themedox.com/demo/xolio/assets/img/icon/inner_services_icon07.png]
[themedox.com/demo/xolio/assets/img/icon/inner_services_icon08.png]
[themedox.com/demo/xolio/assets/img/images/success_img.png]
[themedox.com/demo/xolio/assets/img/icon/success_icon01.png]
[themedox.com/demo/xolio/assets/img/icon/success_icon02.png]
[themedox.com/demo/xolio/assets/img/icon/success_icon03.png]
[themedox.com/demo/xolio/assets/img/icon/success_icon04.png]
[themedox.com/demo/xolio/assets/img/images/success_shape01.png]
[themedox.com/demo/xolio/assets/img/images/success_shape02.png]
[themedox.com/demo/xolio/assets/img/images/history_img.jpg]
[themedox.com/demo/xolio/assets/img/images/history_shape01.png]
[themedox.com/demo/xolio/assets/img/images/history_shape02.png]
[themedox.com/demo/xolio/about-us.html]
[themedox.com/demo/xolio/assets/img/images/developer_img.png]
[themedox.com/demo/xolio/assets/img/icon/developer_icon01.png]
[themedox.com/demo/xolio/assets/img/icon/developer_icon02.png]
[themedox.com/demo/xolio/assets/img/icon/developer_icon03.png]
[themedox.com/demo/xolio/assets/img/icon/developer_icon04.png]
[themedox.com/demo/xolio/assets/img/icon/developer_icon05.png]
[themedox.com/demo/xolio/assets/img/icon/developer_icon06.png]
[themedox.com/demo/xolio/assets/img/icon/tools_icon01.png]
[themedox.com/demo/xolio/assets/img/icon/tools_icon02.png]
[themedox.com/demo/xolio/assets/img/icon/tools_icon03.png]
[themedox.com/demo/xolio/assets/img/icon/tools_icon04.png]
[themedox.com/demo/xolio/assets/img/icon/tools_icon05.png]
[themedox.com/demo/xolio/assets/img/icon/tools_icon06.png]
[themedox.com/demo/xolio/assets/img/icon/tools_icon07.png]
[themedox.com/demo/xolio/assets/img/icon/tools_icon08.png]
[themedox.com/demo/xolio/assets/img/images/faq_img.png]
[themedox.com/demo/xolio/assets/img/images/faq_img02.png]
[themedox.com/demo/xolio/assets/img/images/faq_shape.png]
[themedox.com/demo/xolio/assets/img/project/inner_two_project01.jpg]
[themedox.com/demo/xolio/assets/img/project/inner_two_project02.jpg]
[themedox.com/demo/xolio/assets/img/project/inner_two_project04.jpg]
[themedox.com/demo/xolio/assets/img/project/inner_two_project03.jpg]
[themedox.com/demo/xolio/assets/img/project/inner_two_project05.jpg]
[themedox.com/demo/xolio/assets/img/project/inner_two_project06.jpg]
[themedox.com/demo/xolio/assets/img/project/inner_two_project08.jpg]
[themedox.com/demo/xolio/assets/img/project/inner_two_project07.jpg]
[themedox.com/demo/xolio/assets/img/project/inner_two_project09.jpg]
[themedox.com/demo/xolio/assets/img/project/inner_two_project10.jpg]
[themedox.com/demo/xolio/assets/img/images/testimonial_img.jpg]
[themedox.com/demo/xolio/about-me.html]
[themedox.com/demo/xolio/assets/img/images/community_img.png]
[themedox.com/demo/xolio/assets/img/team/inner_team06.jpg]
[themedox.com/demo/xolio/team.html]
[themedox.com/demo/xolio/team-details.html]
[themedox.com/demo/xolio/assets/img/images/project_details_img.jpg]
[themedox.com/demo/xolio/assets/img/images/services_details_shape.png]
[themedox.com/demo/xolio/assets/img/images/company_img01.png]
[themedox.com/demo/xolio/assets/img/images/company_img02.png]
[themedox.com/demo/xolio/assets/img/icon/check_icon.png]
[themedox.com/demo/xolio/assets/img/images/company_shape.png]
[themedox.com/demo/xolio/assets/img/icon/inner_two_services_icon01.png]
[themedox.com/demo/xolio/assets/img/icon/inner_two_services_icon02.png]
[themedox.com/demo/xolio/assets/img/icon/inner_two_services_icon03.png]
[themedox.com/demo/xolio/assets/img/icon/inner_two_services_icon04.png]
[themedox.com/demo/xolio/project-details.html]
[themedox.com/demo/xolio/assets/img/images/services_details_img.png]
[themedox.com/demo/xolio/assets/img/project/inner_project01.jpg]
[themedox.com/demo/xolio/assets/img/project/inner_project02.jpg]
[themedox.com/demo/xolio/assets/img/project/inner_project03.jpg]
[themedox.com/demo/xolio/assets/img/project/inner_project04.jpg]
[themedox.com/demo/xolio/assets/img/project/inner_project05.jpg]
[themedox.com/demo/xolio/assets/img/project/inner_project06.jpg]
[themedox.com/demo/xolio/assets/img/project/inner_project07.jpg]
[themedox.com/demo/xolio/services-details.html]
[themedox.com/demo/xolio/assets/img/images/breadcrumb_shape04.png]
[themedox.com/demo/xolio/assets/img/images/breadcrumb_shape05.png]
[themedox.com/demo/xolio/assets/img/images/breadcrumb_shape06.png]
[themedox.com/demo/xolio/assets/img/icon/loction_icon03.png]
[themedox.com/demo/xolio/assets/img/icon/mail_icon03.png]
[themedox.com/demo/xolio/assets/img/icon/phone_icon03.png]
[themedox.com/demo/xolio/contact.html]
[themedox.com/demo/xolio/assets/img/images/breadcrumb_shape03.png]
[themedox.com/demo/xolio/assets/img/blog/inner_blog_img01.jpg]
[themedox.com/demo/xolio/assets/img/blog/inner_blog_img02.jpg]
[themedox.com/demo/xolio/assets/img/blog/inner_blog_img03.jpg]
[themedox.com/demo/xolio/blog-dtails.html]
[themedox.com/demo/xolio/assets/img/blog/rc_post_img01.jpg]
[themedox.com/demo/xolio/assets/img/blog/rc_post_img02.jpg]
[themedox.com/demo/xolio/assets/img/blog/rc_post_img03.jpg]
[themedox.com/demo/xolio/assets/img/blog/pu_post_img01.jpg]
[themedox.com/demo/xolio/assets/img/blog/pu_post_img02.jpg]
[themedox.com/demo/xolio/assets/img/blog/pu_post_img03.jpg]
[themedox.com/demo/xolio/assets/img/blog/pu_post_img04.jpg]
[themedox.com/demo/xolio/assets/img/blog/pu_post_img05.jpg]
[themedox.com/demo/xolio/blog.html]
[themedox.com/demo/xolio/assets/img/blog/blog_details_img.jpg]
[themedox.com/demo/xolio/assets/img/blog/comment_avatar01.png]
[themedox.com/demo/xolio/assets/img/blog/comment_avatar02.png]
[themedox.com/demo/xolio/assets/img/blog/comment_avatar03.png]
[themedox.com/demo/xolio/blog-details.html]
[themedox.com/demo/xolio/assets/img/icon/phone_icon.svg]
[themedox.com/demo/xolio/assets/img/icon/mail_icon.svg]
[themedox.com/demo/xolio/assets/img/icon/loction_icon.svg]
[themedox.com/demo/xolio/assets/js/vendor/jquery-3.6.0.min.js]
[themedox.com/demo/xolio/assets/js/bootstrap.min.js]
[themedox.com/demo/xolio/assets/js/isotope.pkgd.min.js]
[themedox.com/demo/xolio/assets/js/imagesloaded.pkgd.min.js]
[themedox.com/demo/xolio/assets/js/jquery.magnific-popup.min.js]
[themedox.com/demo/xolio/assets/js/jquery.odometer.min.js]
[themedox.com/demo/xolio/assets/js/swiper-bundle.min.js]
[themedox.com/demo/xolio/assets/js/jquery.appear.js]
[themedox.com/demo/xolio/assets/js/slick.min.js]
[themedox.com/demo/xolio/assets/js/ajax-form.js]
[themedox.com/demo/xolio/assets/js/parallax.min.js]
[themedox.com/demo/xolio/assets/js/jquery.parallaxScroll.min.js]
[themedox.com/demo/xolio/assets/js/tween-max.js]
[themedox.com/demo/xolio/assets/js/wow.min.js]
[themedox.com/demo/xolio/assets/js/main.js]
[themedox.com/demo/xolio/Version/index.html]
[themedox.com/demo/xolio/assets/fonts/fa-brands-400.svg]
[themedox.com/demo/xolio/assets/fonts/fa-light-300.svg]
[themedox.com/demo/xolio/assets/fonts/fa-regular-400.svg]
[themedox.com/demo/xolio/assets/fonts/fa-solid-900.svg]
[themedox.com/demo/xolio/assets/img/icon/banner_icon01.svg]
[themedox.com/demo/xolio/assets/img/icon/banner_icon02.svg]
[themedox.com/demo/xolio/assets/img/icon/banner_icon03.svg]
[themedox.com/demo/xolio/assets/img/icon/banner_icon04.svg]
[themedox.com/demo/xolio/assets/img/icon/right_arrow.svg]
[themedox.com/demo/xolio/blog-dtails.html]
[themedox.com/demo/xolio/Version/index.html]
