[artsound.site/html/diamond/html/text/light/index-single.html]
[backblue.gif]
[fade.gif]
[index.html]
[artsound.site/html/diamond/html/text/light/assets/img/favicon.ico]
[artsound.site/html/diamond/html/text/light/assets/fonts/font-awesome.css]
[artsound.site/html/diamond/html/text/light/assets/bootstrap/css/bootstrap.css]
[artsound.site/html/diamond/html/text/light/assets/css/magnific-popup.css]
[artsound.site/html/diamond/html/text/light/assets/css/trackpad-scroll-emulator.css]
[artsound.site/html/diamond/html/text/light/assets/css/style.css]
[artsound.site/html/diamond/html/text/light/assets/css/vegas.min.css]
[artsound.site/html/diamond/html/text/light/assets/css/mailform.css]
[artsound.site/html/diamond/html/text/light/assets/img/logo.png]
[artsound.site/html/diamond/html/text/light/assets/img/bg2.jpg]
[artsound.site/html/diamond/html/text/light/assets/img/gallery-1.jpg]
[artsound.site/html/diamond/html/text/light/assets/img/gallery-2.jpg]
[artsound.site/html/diamond/html/text/light/assets/img/gallery-3.jpg]
[artsound.site/html/diamond/html/text/light/assets/img/gallery-4.jpg]
[artsound.site/html/diamond/html/text/light/assets/img/youtube.jpg]
[artsound.site/html/diamond/html/text/light/assets/img/vimeo.webp]
[artsound.site/html/diamond/html/text/light/assets/img/team-1.jpg]
[artsound.site/html/diamond/html/text/light/assets/img/team-2.jpg]
[artsound.site/html/diamond/html/text/light/assets/js/jquery-2.2.4.min.js]
[artsound.site/html/diamond/html/text/light/assets/js/custom.js]
[artsound.site/html/diamond/html/text/light/assets/bootstrap/js/bootstrap.min.js]
[www.google.com/recaptcha/api.js]
[artsound.site/html/diamond/html/text/light/assets/img/map-marker.png]
[artsound.site/html/diamond/html/text/light/assets/js/jquery.plugin.min.js]
[artsound.site/html/diamond/html/text/light/index-single.html]
[artsound.site/html/diamond/html/text/light/assets/img/apple-touch-icon.html]
[artsound.site/html/diamond/html/text/light/assets/fonts/fontawesome-webfont93e3.woff2]
[artsound.site/html/diamond/html/text/light/assets/fonts/fontawesome-webfont93e3.eot]
[artsound.site/html/diamond/html/text/light/assets/fonts/fontawesome-webfontd41d.eot]
[artsound.site/html/diamond/html/text/light/assets/fonts/fontawesome-webfont93e3.woff]
[artsound.site/html/diamond/html/text/light/assets/fonts/fontawesome-webfont93e3.ttf]
[artsound.site/html/diamond/html/text/light/assets/fonts/font-awesome.css]
[artsound.site/html/diamond/html/text/light/assets/fonts/fontawesome-webfont93e3.svg]
[artsound.site/html/diamond/html/text/light/assets/bootstrap/fonts/glyphicons-halflings-regular.eot]
[artsound.site/html/diamond/html/text/light/assets/bootstrap/fonts/glyphicons-halflings-regular.woff2]
[artsound.site/html/diamond/html/text/light/assets/bootstrap/fonts/glyphicons-halflings-regulard41d.eot]
[artsound.site/html/diamond/html/text/light/assets/bootstrap/fonts/glyphicons-halflings-regular.woff]
[artsound.site/html/diamond/html/text/light/assets/bootstrap/fonts/glyphicons-halflings-regular.ttf]
[artsound.site/html/diamond/html/text/light/assets/bootstrap/fonts/glyphicons-halflings-regular.svg]
[artsound.site/html/diamond/html/text/light/assets/bootstrap/css/bootstrap.css]
[artsound.site/html/diamond/html/text/light/assets/css/magnific-popup.css]
[artsound.site/html/diamond/html/text/light/assets/css/trackpad-scroll-emulator.css]
[artsound.site/html/diamond/html/text/light/assets/img/overlay.png]
[artsound.site/html/diamond/html/text/light/assets/img/bg12.jpg]
[artsound.site/html/diamond/html/text/light/assets/img/circle-particles/circle_inner.png]
[artsound.site/html/diamond/html/text/light/assets/img/circle-particles/circle_outer.png]
[artsound.site/html/diamond/html/text/light/assets/css/style.css]
[artsound.site/html/diamond/html/text/light/assets/css/vegas.min.css]
[artsound.site/html/diamond/html/text/light/assets/css/mailform.css]
[mc.yandex.ru/metrika/watch.js]
[artsound.site/html/diamond/html/text/light/assets/fonts/fontawesome-webfont93e3.svg]
[artsound.site/html/diamond/html/text/light/assets/bootstrap/fonts/glyphicons-halflings-regular.svg]
[artsound.site/html/diamond/html/text/light/assets/css/overlays/02.html]
